DAY 13 — RATIO EDGE CASE LOG
============================================================

Company: ADANIENT
Year: Mar 2024
Ratio: ROE
Computed: 8.53
Source: 13.64
Difference: 5.11
Category: version difference
------------------------------------------------------------
Company: ADANIGREEN
Year: Mar 2024
Ratio: ROCE
Computed: 11.49
Source: 96.50
Difference: 85.01
Category: data source issue
------------------------------------------------------------
Company: ADANIPOWER
Year: Mar 2024
Ratio: ROE
Computed: 48.28
Source: 57.10
Difference: 8.82
Category: version difference
------------------------------------------------------------
Company: AMBUJACEM
Year: Mar 2024
Ratio: ROCE
Computed: 18.51
Source: 12.80
Difference: 5.71
Category: version difference
------------------------------------------------------------
Company: BAJAJFINSV
Year: Mar 2024
Ratio: ROCE
Computed: 11.71
Source: 21.14
Difference: 9.43
Category: version difference
------------------------------------------------------------
Company: BAJAJFINSV
Year: Mar 2024
Ratio: ROE
Computed: 25.85
Source: 11.72
Difference: 14.13
Category: version difference
------------------------------------------------------------
Company: BAJFINANCE
Year: Mar 2024
Ratio: ROCE
Computed: 4.36
Source: 11.90
Difference: 7.54
Category: version difference
------------------------------------------------------------
Company: BEL
Year: Mar 2024
Ratio: ROCE
Computed: 4504.72
Source: 34.60
Difference: 4470.12
Category: data source issue
------------------------------------------------------------
Company: BEL
Year: Mar 2024
Ratio: ROE
Computed: 4744.05
Source: 26.30
Difference: 4717.75
Category: data source issue
------------------------------------------------------------
Company: BHARTIARTL
Year: Mar 2024
Ratio: ROCE
Computed: 25.10
Source: 13.10
Difference: 12.00
Category: version difference
------------------------------------------------------------
Company: BOSCHLTD
Year: Mar 2024
Ratio: ROCE
Computed: 30.25
Source: 20.60
Difference: 9.65
Category: version difference
------------------------------------------------------------
Company: BPCL
Year: Mar 2024
Ratio: ROE
Computed: 35.51
Source: 41.90
Difference: 6.39
Category: version difference
------------------------------------------------------------
Company: BRITANNIA
Year: Mar 2024
Ratio: ROCE
Computed: 56.24
Source: 48.90
Difference: 7.34
Category: version difference
------------------------------------------------------------
Company: CHOLAFIN
Year: Mar 2024
Ratio: ROCE
Computed: 3.51
Source: 10.40
Difference: 6.89
Category: version difference
------------------------------------------------------------
Company: CIPLA
Year: Mar 2024
Ratio: ROCE
Computed: 71.55
Source: 22.80
Difference: 48.75
Category: data source issue
------------------------------------------------------------
Company: COALINDIA
Year: Mar 2024
Ratio: ROCE
Computed: 105.75
Source: 63.60
Difference: 42.15
Category: data source issue
------------------------------------------------------------
Company: COALINDIA
Year: Mar 2024
Ratio: ROE
Computed: 45.17
Source: 52.00
Difference: 6.83
Category: version difference
------------------------------------------------------------
Company: GODREJCP
Year: Mar 2024
Ratio: ROCE
Computed: 4.73
Source: 26.49
Difference: 21.76
Category: data source issue
------------------------------------------------------------
Company: GODREJCP
Year: Mar 2024
Ratio: ROE
Computed: -4.45
Source: 6.77
Difference: 11.22
Category: version difference
------------------------------------------------------------
Company: HAL
Year: Mar 2024
Ratio: ROCE
Computed: 3617.39
Source: 38.90
Difference: 3578.49
Category: data source issue
------------------------------------------------------------
Company: HAL
Year: Mar 2024
Ratio: ROE
Computed: 3816.58
Source: 28.90
Difference: 3787.68
Category: data source issue
------------------------------------------------------------
Company: HCLTECH
Year: Mar 2024
Ratio: ROCE
Computed: 34.71
Source: 29.60
Difference: 5.11
Category: version difference
------------------------------------------------------------
Company: HDFCLIFE
Year: Mar 2024
Ratio: ROCE
Computed: 646.47
Source: 6.61
Difference: 639.86
Category: data source issue
------------------------------------------------------------
Company: HEROMOTOCO
Year: Mar 2024
Ratio: ROCE
Computed: 177.92
Source: 29.10
Difference: 148.82
Category: data source issue
------------------------------------------------------------
Company: HINDALCO
Year: Mar 2024
Ratio: ROCE
Computed: 118.21
Source: 11.30
Difference: 106.91
Category: data source issue
------------------------------------------------------------
Company: HINDUNILVR
Year: Mar 2024
Ratio: ROCE
Computed: 89.68
Source: 27.20
Difference: 62.48
Category: data source issue
------------------------------------------------------------
Company: ICICIGI
Year: Mar 2024
Ratio: ROCE
Computed: 146.43
Source: 22.50
Difference: 123.93
Category: data source issue
------------------------------------------------------------
Company: ICICIPRULI
Year: Mar 2024
Ratio: ROCE
Computed: 754.89
Source: 8.75
Difference: 746.14
Category: data source issue
------------------------------------------------------------
Company: INDIGO
Year: Mar 2024
Ratio: ROCE
Computed: 5643.45
Source: 24.50
Difference: 5618.95
Category: data source issue
------------------------------------------------------------
Company: IRCTC
Year: Mar 2024
Ratio: ROCE
Computed: 47.78
Source: 53.80
Difference: 6.02
Category: version difference
------------------------------------------------------------
Company: IRCTC
Year: Mar 2024
Ratio: ROE
Computed: 34.40
Source: 40.40
Difference: 6.00
Category: version difference
------------------------------------------------------------
Company: NESTLEIND
Year: Mar 2024
Ratio: ROCE
Computed: 162.06
Source: 185.43
Difference: 23.37
Category: data source issue
------------------------------------------------------------
Company: NESTLEIND
Year: Mar 2024
Ratio: ROE
Computed: 117.75
Source: 135.61
Difference: 17.86
Category: version difference
------------------------------------------------------------
Company: MOTHERSON
Year: Mar 2024
Ratio: ROCE
Computed: 20.54
Source: 13.70
Difference: 6.84
Category: version difference
------------------------------------------------------------
Company: M&M
Year: Mar 2024
Ratio: ROCE
Computed: 16.12
Source: 26.98
Difference: 10.86
Category: version difference
------------------------------------------------------------
Company: LT
Year: Mar 2024
Ratio: ROCE
Computed: 152.62
Source: 17.18
Difference: 135.44
Category: data source issue
------------------------------------------------------------
Company: LT
Year: Mar 2024
Ratio: ROE
Computed: 77.67
Source: 10.49
Difference: 67.18
Category: data source issue
------------------------------------------------------------
Company: LICI
Year: Mar 2024
Ratio: ROCE
Computed: 57.53
Source: 63.79
Difference: 6.26
Category: version difference
------------------------------------------------------------
Company: LICI
Year: Mar 2024
Ratio: ROE
Computed: 49.45
Source: 63.61
Difference: 14.16
Category: version difference
------------------------------------------------------------
Company: PFC
Year: Mar 2024
Ratio: ROCE
Computed: 3.49
Source: 9.96
Difference: 6.47
Category: version difference
------------------------------------------------------------
Company: PFC
Year: Mar 2024
Ratio: ROE
Computed: 26.16
Source: 19.49
Difference: 6.67
Category: version difference
------------------------------------------------------------
Company: PNB
Year: Mar 2024
Ratio: ROE
Computed: 61.32
Source: 8.70
Difference: 52.62
Category: data source issue
------------------------------------------------------------
Company: PNB
Year: Mar 2024
Ratio: ROE
Computed: 61.32
Source: 8.70
Difference: 52.62
Category: data source issue
------------------------------------------------------------
Company: PNB
Year: Mar 2024
Ratio: ROE
Computed: 61.32
Source: 8.70
Difference: 52.62
Category: data source issue
------------------------------------------------------------
Company: PNB
Year: Mar 2024
Ratio: ROE
Computed: 61.32
Source: 8.70
Difference: 52.62
Category: data source issue
------------------------------------------------------------
Company: PNB
Year: Mar 2024
Ratio: ROE
Computed: 61.32
Source: 8.70
Difference: 52.62
Category: data source issue
------------------------------------------------------------
Company: POWERGRID
Year: Mar 2024
Ratio: ROCE
Computed: 19.17
Source: 13.20
Difference: 5.97
Category: version difference
------------------------------------------------------------
Company: POWERGRID
Year: Mar 2024
Ratio: ROCE
Computed: 19.17
Source: 13.20
Difference: 5.97
Category: version difference
------------------------------------------------------------
Company: SHREECEM
Year: Mar 2024
Ratio: ROCE
Computed: 22.88
Source: 14.80
Difference: 8.08
Category: version difference
------------------------------------------------------------
Company: SHRIRAMFIN
Year: Mar 2024
Ratio: ROCE
Computed: 4.32
Source: 11.30
Difference: 6.98
Category: version difference
------------------------------------------------------------
Company: TRENT
Year: Mar 2024
Ratio: ROCE
Computed: 50.85
Source: 23.80
Difference: 27.05
Category: data source issue
------------------------------------------------------------
Company: TRENT
Year: Mar 2024
Ratio: ROE
Computed: 36.31
Source: 27.20
Difference: 9.11
Category: version difference
------------------------------------------------------------
Company: TORNTPHARM
Year: Mar 2024
Ratio: ROCE
Computed: 32.30
Source: 23.20
Difference: 9.10
Category: version difference
------------------------------------------------------------
Company: TECHM
Year: Mar 2024
Ratio: ROCE
Computed: 18.60
Source: 11.90
Difference: 6.70
Category: version difference
------------------------------------------------------------
Company: TCS
Year: Mar 2024
Ratio: ROE
Computed: 50.94
Source: 0.52
Difference: 50.42
Category: data source issue
------------------------------------------------------------
Company: TATASTEEL
Year: Mar 2024
Ratio: ROE
Computed: -5.33
Source: 6.55
Difference: 11.88
Category: version difference
------------------------------------------------------------
Company: TECHM
Year: Mar 2024
Ratio: ROCE
Computed: 18.60
Source: 11.90
Difference: 6.70
Category: version difference
------------------------------------------------------------
Company: TATAPOWER
Year: Mar 2024
Ratio: ROCE
Computed: 16.45
Source: 11.10
Difference: 5.35
Category: version difference
------------------------------------------------------------
Company: TATAMOTORS
Year: Mar 2024
Ratio: ROCE
Computed: 33.93
Source: 20.10
Difference: 13.83
Category: version difference
------------------------------------------------------------
Company: TATAMOTORS
Year: Mar 2024
Ratio: ROE
Computed: 37.46
Source: 49.40
Difference: 11.94
Category: version difference
------------------------------------------------------------
